   16LIST$
   32CLOSE$
   48ANSWER$
   64BY
   80ENDCASE
   96ENDWHILE
  112EOF#
  128EXT#
  144MENU$
  160PRINT#
